# serializer version: 1
# name: test_connector_connectors_add_st_cxn_and_end_cxn
  '''
  <p:cxnSp xmlns:p="http://schemas.openxmlformats.org/presentationml/2006/main" xmlns:a="http://schemas.openxmlformats.org/drawingml/2006/main">
    <p:nvCxnSpPr>
      <p:cNvPr id="42" name="Connector 1"/>
      <p:cNvCxnSpPr>
        <a:stCxn id="77" idx="0"/>
        <a:endCxn id="77" idx="2"/>
      </p:cNvCxnSpPr>
      <p:nvPr/>
    </p:nvCxnSpPr>
    <p:spPr>
      <a:xfrm flipH="1">
        <a:off x="250" y="200"/>
        <a:ext cx="0" cy="400"/>
      </a:xfrm>
    </p:spPr>
  </p:cxnSp>
  
  '''
# ---
